###############################################################################
#
# IAR ELF Linker V7.20.2.7424/W32 for ARM                 05/Aug/2014  15:17:45
# Copyright 2007-2014 IAR Systems AB.
#
#    Output file  =  
#        D:\Åä·»Åä´Ù¿î\[¸á·Ð] 7¿ù4ÀÏ ½Ç½Ã°£ TOP
#        100\STM32F4xx_DSP_StdPeriph_Lib_V1.3.0\Project\STM32F4xx_StdPeriph_Templates\EWARM\STM32F429_439xx\Exe\Project.out
#    Map file     =  
#        D:\Åä·»Åä´Ù¿î\[¸á·Ð] 7¿ù4ÀÏ ½Ç½Ã°£ TOP
#        100\STM32F4xx_DSP_StdPeriph_Lib_V1.3.0\Project\STM32F4xx_StdPeriph_Templates\EWARM\STM32F429_439xx\List\Project.map
#    Command line =  
#        "D:\Åä·»Åä´Ù¿î\[¸á·Ð] 7¿ù4ÀÏ ½Ç½Ã°£ TOP
#        100\STM32F4xx_DSP_StdPeriph_Lib_V1.3.0\Project\STM32F4xx_StdPeriph_Templates\EWARM\STM32F429_439xx\Obj\main.o"
#        "D:\Åä·»Åä´Ù¿î\[¸á·Ð] 7¿ù4ÀÏ ½Ç½Ã°£ TOP
#        100\STM32F4xx_DSP_StdPeriph_Lib_V1.3.0\Project\STM32F4xx_StdPeriph_Templates\EWARM\STM32F429_439xx\Obj\misc.o"
#        "D:\Åä·»Åä´Ù¿î\[¸á·Ð] 7¿ù4ÀÏ ½Ç½Ã°£ TOP
#        100\STM32F4xx_DSP_StdPeriph_Lib_V1.3.0\Project\STM32F4xx_StdPeriph_Templates\EWARM\STM32F429_439xx\Obj\startup_stm32f429_439xx.o"
#        "D:\Åä·»Åä´Ù¿î\[¸á·Ð] 7¿ù4ÀÏ ½Ç½Ã°£ TOP
#        100\STM32F4xx_DSP_StdPeriph_Lib_V1.3.0\Project\STM32F4xx_StdPeriph_Templates\EWARM\STM32F429_439xx\Obj\stm32f4xx_adc.o"
#        "D:\Åä·»Åä´Ù¿î\[¸á·Ð] 7¿ù4ÀÏ ½Ç½Ã°£ TOP
#        100\STM32F4xx_DSP_StdPeriph_Lib_V1.3.0\Project\STM32F4xx_StdPeriph_Templates\EWARM\STM32F429_439xx\Obj\stm32f4xx_can.o"
#        "D:\Åä·»Åä´Ù¿î\[¸á·Ð] 7¿ù4ÀÏ ½Ç½Ã°£ TOP
#        100\STM32F4xx_DSP_StdPeriph_Lib_V1.3.0\Project\STM32F4xx_StdPeriph_Templates\EWARM\STM32F429_439xx\Obj\stm32f4xx_crc.o"
#        "D:\Åä·»Åä´Ù¿î\[¸á·Ð] 7¿ù4ÀÏ ½Ç½Ã°£ TOP
#        100\STM32F4xx_DSP_StdPeriph_Lib_V1.3.0\Project\STM32F4xx_StdPeriph_Templates\EWARM\STM32F429_439xx\Obj\stm32f4xx_cryp.o"
#        "D:\Åä·»Åä´Ù¿î\[¸á·Ð] 7¿ù4ÀÏ ½Ç½Ã°£ TOP
#        100\STM32F4xx_DSP_StdPeriph_Lib_V1.3.0\Project\STM32F4xx_StdPeriph_Templates\EWARM\STM32F429_439xx\Obj\stm32f4xx_cryp_aes.o"
#        "D:\Åä·»Åä´Ù¿î\[¸á·Ð] 7¿ù4ÀÏ ½Ç½Ã°£ TOP
#        100\STM32F4xx_DSP_StdPeriph_Lib_V1.3.0\Project\STM32F4xx_StdPeriph_Templates\EWARM\STM32F429_439xx\Obj\stm32f4xx_cryp_des.o"
#        "D:\Åä·»Åä´Ù¿î\[¸á·Ð] 7¿ù4ÀÏ ½Ç½Ã°£ TOP
#        100\STM32F4xx_DSP_StdPeriph_Lib_V1.3.0\Project\STM32F4xx_StdPeriph_Templates\EWARM\STM32F429_439xx\Obj\stm32f4xx_cryp_tdes.o"
#        "D:\Åä·»Åä´Ù¿î\[¸á·Ð] 7¿ù4ÀÏ ½Ç½Ã°£ TOP
#        100\STM32F4xx_DSP_StdPeriph_Lib_V1.3.0\Project\STM32F4xx_StdPeriph_Templates\EWARM\STM32F429_439xx\Obj\stm32f4xx_dac.o"
#        "D:\Åä·»Åä´Ù¿î\[¸á·Ð] 7¿ù4ÀÏ ½Ç½Ã°£ TOP
#        100\STM32F4xx_DSP_StdPeriph_Lib_V1.3.0\Project\STM32F4xx_StdPeriph_Templates\EWARM\STM32F429_439xx\Obj\stm32f4xx_dbgmcu.o"
#        "D:\Åä·»Åä´Ù¿î\[¸á·Ð] 7¿ù4ÀÏ ½Ç½Ã°£ TOP
#        100\STM32F4xx_DSP_StdPeriph_Lib_V1.3.0\Project\STM32F4xx_StdPeriph_Templates\EWARM\STM32F429_439xx\Obj\stm32f4xx_dcmi.o"
#        "D:\Åä·»Åä´Ù¿î\[¸á·Ð] 7¿ù4ÀÏ ½Ç½Ã°£ TOP
#        100\STM32F4xx_DSP_StdPeriph_Lib_V1.3.0\Project\STM32F4xx_StdPeriph_Templates\EWARM\STM32F429_439xx\Obj\stm32f4xx_dma.o"
#        "D:\Åä·»Åä´Ù¿î\[¸á·Ð] 7¿ù4ÀÏ ½Ç½Ã°£ TOP
#        100\STM32F4xx_DSP_StdPeriph_Lib_V1.3.0\Project\STM32F4xx_StdPeriph_Templates\EWARM\STM32F429_439xx\Obj\stm32f4xx_dma2d.o"
#        "D:\Åä·»Åä´Ù¿î\[¸á·Ð] 7¿ù4ÀÏ ½Ç½Ã°£ TOP
#        100\STM32F4xx_DSP_StdPeriph_Lib_V1.3.0\Project\STM32F4xx_StdPeriph_Templates\EWARM\STM32F429_439xx\Obj\stm32f4xx_exti.o"
#        "D:\Åä·»Åä´Ù¿î\[¸á·Ð] 7¿ù4ÀÏ ½Ç½Ã°£ TOP
#        100\STM32F4xx_DSP_StdPeriph_Lib_V1.3.0\Project\STM32F4xx_StdPeriph_Templates\EWARM\STM32F429_439xx\Obj\stm32f4xx_flash.o"
#        "D:\Åä·»Åä´Ù¿î\[¸á·Ð] 7¿ù4ÀÏ ½Ç½Ã°£ TOP
#        100\STM32F4xx_DSP_StdPeriph_Lib_V1.3.0\Project\STM32F4xx_StdPeriph_Templates\EWARM\STM32F429_439xx\Obj\stm32f4xx_fmc.o"
#        "D:\Åä·»Åä´Ù¿î\[¸á·Ð] 7¿ù4ÀÏ ½Ç½Ã°£ TOP
#        100\STM32F4xx_DSP_StdPeriph_Lib_V1.3.0\Project\STM32F4xx_StdPeriph_Templates\EWARM\STM32F429_439xx\Obj\stm32f4xx_gpio.o"
#        "D:\Åä·»Åä´Ù¿î\[¸á·Ð] 7¿ù4ÀÏ ½Ç½Ã°£ TOP
#        100\STM32F4xx_DSP_StdPeriph_Lib_V1.3.0\Project\STM32F4xx_StdPeriph_Templates\EWARM\STM32F429_439xx\Obj\stm32f4xx_hash.o"
#        "D:\Åä·»Åä´Ù¿î\[¸á·Ð] 7¿ù4ÀÏ ½Ç½Ã°£ TOP
#        100\STM32F4xx_DSP_StdPeriph_Lib_V1.3.0\Project\STM32F4xx_StdPeriph_Templates\EWARM\STM32F429_439xx\Obj\stm32f4xx_hash_md5.o"
#        "D:\Åä·»Åä´Ù¿î\[¸á·Ð] 7¿ù4ÀÏ ½Ç½Ã°£ TOP
#        100\STM32F4xx_DSP_StdPeriph_Lib_V1.3.0\Project\STM32F4xx_StdPeriph_Templates\EWARM\STM32F429_439xx\Obj\stm32f4xx_hash_sha1.o"
#        "D:\Åä·»Åä´Ù¿î\[¸á·Ð] 7¿ù4ÀÏ ½Ç½Ã°£ TOP
#        100\STM32F4xx_DSP_StdPeriph_Lib_V1.3.0\Project\STM32F4xx_StdPeriph_Templates\EWARM\STM32F429_439xx\Obj\stm32f4xx_i2c.o"
#        "D:\Åä·»Åä´Ù¿î\[¸á·Ð] 7¿ù4ÀÏ ½Ç½Ã°£ TOP
#        100\STM32F4xx_DSP_StdPeriph_Lib_V1.3.0\Project\STM32F4xx_StdPeriph_Templates\EWARM\STM32F429_439xx\Obj\stm32f4xx_it.o"
#        "D:\Åä·»Åä´Ù¿î\[¸á·Ð] 7¿ù4ÀÏ ½Ç½Ã°£ TOP
#        100\STM32F4xx_DSP_StdPeriph_Lib_V1.3.0\Project\STM32F4xx_StdPeriph_Templates\EWARM\STM32F429_439xx\Obj\stm32f4xx_iwdg.o"
#        "D:\Åä·»Åä´Ù¿î\[¸á·Ð] 7¿ù4ÀÏ ½Ç½Ã°£ TOP
#        100\STM32F4xx_DSP_StdPeriph_Lib_V1.3.0\Project\STM32F4xx_StdPeriph_Templates\EWARM\STM32F429_439xx\Obj\stm32f4xx_ltdc.o"
#        "D:\Åä·»Åä´Ù¿î\[¸á·Ð] 7¿ù4ÀÏ ½Ç½Ã°£ TOP
#        100\STM32F4xx_DSP_StdPeriph_Lib_V1.3.0\Project\STM32F4xx_StdPeriph_Templates\EWARM\STM32F429_439xx\Obj\stm32f4xx_pwr.o"
#        "D:\Åä·»Åä´Ù¿î\[¸á·Ð] 7¿ù4ÀÏ ½Ç½Ã°£ TOP
#        100\STM32F4xx_DSP_StdPeriph_Lib_V1.3.0\Project\STM32F4xx_StdPeriph_Templates\EWARM\STM32F429_439xx\Obj\stm32f4xx_rcc.o"
#        "D:\Åä·»Åä´Ù¿î\[¸á·Ð] 7¿ù4ÀÏ ½Ç½Ã°£ TOP
#        100\STM32F4xx_DSP_StdPeriph_Lib_V1.3.0\Project\STM32F4xx_StdPeriph_Templates\EWARM\STM32F429_439xx\Obj\stm32f4xx_rng.o"
#        "D:\Åä·»Åä´Ù¿î\[¸á·Ð] 7¿ù4ÀÏ ½Ç½Ã°£ TOP
#        100\STM32F4xx_DSP_StdPeriph_Lib_V1.3.0\Project\STM32F4xx_StdPeriph_Templates\EWARM\STM32F429_439xx\Obj\stm32f4xx_rtc.o"
#        "D:\Åä·»Åä´Ù¿î\[¸á·Ð] 7¿ù4ÀÏ ½Ç½Ã°£ TOP
#        100\STM32F4xx_DSP_StdPeriph_Lib_V1.3.0\Project\STM32F4xx_StdPeriph_Templates\EWARM\STM32F429_439xx\Obj\stm32f4xx_sai.o"
#        "D:\Åä·»Åä´Ù¿î\[¸á·Ð] 7¿ù4ÀÏ ½Ç½Ã°£ TOP
#        100\STM32F4xx_DSP_StdPeriph_Lib_V1.3.0\Project\STM32F4xx_StdPeriph_Templates\EWARM\STM32F429_439xx\Obj\stm32f4xx_sdio.o"
#        "D:\Åä·»Åä´Ù¿î\[¸á·Ð] 7¿ù4ÀÏ ½Ç½Ã°£ TOP
#        100\STM32F4xx_DSP_StdPeriph_Lib_V1.3.0\Project\STM32F4xx_StdPeriph_Templates\EWARM\STM32F429_439xx\Obj\stm32f4xx_spi.o"
#        "D:\Åä·»Åä´Ù¿î\[¸á·Ð] 7¿ù4ÀÏ ½Ç½Ã°£ TOP
#        100\STM32F4xx_DSP_StdPeriph_Lib_V1.3.0\Project\STM32F4xx_StdPeriph_Templates\EWARM\STM32F429_439xx\Obj\stm32f4xx_syscfg.o"
#        "D:\Åä·»Åä´Ù¿î\[¸á·Ð] 7¿ù4ÀÏ ½Ç½Ã°£ TOP
#        100\STM32F4xx_DSP_StdPeriph_Lib_V1.3.0\Project\STM32F4xx_StdPeriph_Templates\EWARM\STM32F429_439xx\Obj\stm32f4xx_tim.o"
#        "D:\Åä·»Åä´Ù¿î\[¸á·Ð] 7¿ù4ÀÏ ½Ç½Ã°£ TOP
#        100\STM32F4xx_DSP_StdPeriph_Lib_V1.3.0\Project\STM32F4xx_StdPeriph_Templates\EWARM\STM32F429_439xx\Obj\stm32f4xx_usart.o"
#        "D:\Åä·»Åä´Ù¿î\[¸á·Ð] 7¿ù4ÀÏ ½Ç½Ã°£ TOP
#        100\STM32F4xx_DSP_StdPeriph_Lib_V1.3.0\Project\STM32F4xx_StdPeriph_Templates\EWARM\STM32F429_439xx\Obj\stm32f4xx_wwdg.o"
#        "D:\Åä·»Åä´Ù¿î\[¸á·Ð] 7¿ù4ÀÏ ½Ç½Ã°£ TOP
#        100\STM32F4xx_DSP_StdPeriph_Lib_V1.3.0\Project\STM32F4xx_StdPeriph_Templates\EWARM\STM32F429_439xx\Obj\system_stm32f4xx.o"
#        --redirect _Printf=_PrintfSmall --redirect _Scanf=_ScanfSmall -o
#        "D:\Åä·»Åä´Ù¿î\[¸á·Ð] 7¿ù4ÀÏ ½Ç½Ã°£ TOP
#        100\STM32F4xx_DSP_StdPeriph_Lib_V1.3.0\Project\STM32F4xx_StdPeriph_Templates\EWARM\STM32F429_439xx\Exe\Project.out"
#        --map "D:\Åä·»Åä´Ù¿î\[¸á·Ð] 7¿ù4ÀÏ ½Ç½Ã°£ TOP
#        100\STM32F4xx_DSP_StdPeriph_Lib_V1.3.0\Project\STM32F4xx_StdPeriph_Templates\EWARM\STM32F429_439xx\List\Project.map"
#        --config "D:\Åä·»Åä´Ù¿î\[¸á·Ð] 7¿ù4ÀÏ ½Ç½Ã°£ TOP
#        100\STM32F4xx_DSP_StdPeriph_Lib_V1.3.0\Project\STM32F4xx_StdPeriph_Templates\EWARM\stm32f4xx_flash.icf"
#        --semihosting --entry __iar_program_start --vfe
#
###############################################################################

*******************************************************************************
*** RUNTIME MODEL ATTRIBUTES
***

CppFlavor       = *
__SystemLibrary = DLib


*******************************************************************************
*** PLACEMENT SUMMARY
***

"A1":  place at 0x08000000 { ro section .intvec };
"P1":  place in [from 0x08000000 to 0x081fffff] { ro };
"P2":  place in [from 0x20000000 to 0x2002ffff] { rw, block CSTACK, block HEAP };

  Section            Kind        Address   Size  Object
  -------            ----        -------   ----  ------
"A1":                                     0x1ac
  .intvec            ro code  0x08000000  0x1ac  startup_stm32f429_439xx.o [1]
                            - 0x080001ac  0x1ac

"P1":                                     0x4a4
  .text              ro code  0x080001ac  0x10c  system_stm32f4xx.o [1]
  .text              ro code  0x080002b8   0x90  stm32f4xx_rcc.o [1]
  .text              ro code  0x08000348   0x58  main.o [1]
  .text              ro code  0x080003a0   0x2e  copy_init3.o [5]
  .text              ro code  0x080003d0   0x28  data_init.o [5]
  .iar.init_table    const    0x080003f8   0x14  - Linker created -
  .text              ro code  0x0800040c   0x1a  fpinit_M.o [4]
  .text              ro code  0x08000428   0x1a  cmain.o [5]
  .text              ro code  0x08000442    0x4  low_level_init.o [3]
  .text              ro code  0x08000446    0x4  exit.o [3]
  .text              ro code  0x0800044c    0xa  cexit.o [5]
  .text              ro code  0x08000458   0x14  exit.o [6]
  .text              ro code  0x0800046c   0x14  stm32f4xx_it.o [1]
  .text              ro code  0x08000480   0x10  startup_stm32f429_439xx.o [1]
  .text              ro code  0x08000490    0xc  cstartup_M.o [5]
  .text              ro code  0x0800049c    0x4  startup_stm32f429_439xx.o [1]
  .text              ro code  0x080004a0    0x4  startup_stm32f429_439xx.o [1]
  .text              ro code  0x080004a4    0x4  startup_stm32f429_439xx.o [1]
  .text              ro code  0x080004a8    0x4  startup_stm32f429_439xx.o [1]
  .text              ro code  0x080004ac    0x4  startup_stm32f429_439xx.o [1]
  .text              ro code  0x080004b0    0x4  startup_stm32f429_439xx.o [1]
  .text              ro code  0x080004b4    0x4  startup_stm32f429_439xx.o [1]
  .text              ro code  0x080004b8    0x4  startup_stm32f429_439xx.o [1]
  .text              ro code  0x080004bc    0x4  startup_stm32f429_439xx.o [1]
  .text              ro code  0x080004c0    0x4  startup_stm32f429_439xx.o [1]
  .text              ro code  0x080004c4    0x4  startup_stm32f429_439xx.o [1]
  .text              ro code  0x080004c8    0x4  startup_stm32f429_439xx.o [1]
  .text              ro code  0x080004cc    0x4  startup_stm32f429_439xx.o [1]
  .text              ro code  0x080004d0    0x4  startup_stm32f429_439xx.o [1]
  .text              ro code  0x080004d4    0x4  startup_stm32f429_439xx.o [1]
  .text              ro code  0x080004d8    0x4  startup_stm32f429_439xx.o [1]
  .text              ro code  0x080004dc    0x4  startup_stm32f429_439xx.o [1]
  .text              ro code  0x080004e0    0x4  startup_stm32f429_439xx.o [1]
  .text              ro code  0x080004e4    0x4  startup_stm32f429_439xx.o [1]
  .text              ro code  0x080004e8    0x4  startup_stm32f429_439xx.o [1]
  .text              ro code  0x080004ec    0x4  startup_stm32f429_439xx.o [1]
  .text              ro code  0x080004f0    0x4  startup_stm32f429_439xx.o [1]
  .text              ro code  0x080004f4    0x4  startup_stm32f429_439xx.o [1]
  .text              ro code  0x080004f8    0x4  startup_stm32f429_439xx.o [1]
  .text              ro code  0x080004fc    0x4  startup_stm32f429_439xx.o [1]
  .text              ro code  0x08000500    0x4  startup_stm32f429_439xx.o [1]
  .text              ro code  0x08000504    0x4  startup_stm32f429_439xx.o [1]
  .text              ro code  0x08000508    0x4  startup_stm32f429_439xx.o [1]
  .text              ro code  0x0800050c    0x4  startup_stm32f429_439xx.o [1]
  .text              ro code  0x08000510    0x4  startup_stm32f429_439xx.o [1]
  .text              ro code  0x08000514    0x4  startup_stm32f429_439xx.o [1]
  .text              ro code  0x08000518    0x4  startup_stm32f429_439xx.o [1]
  .text              ro code  0x0800051c    0x4  startup_stm32f429_439xx.o [1]
  .text              ro code  0x08000520    0x4  startup_stm32f429_439xx.o [1]
  .text              ro code  0x08000524    0x4  startup_stm32f429_439xx.o [1]
  .text              ro code  0x08000528    0x4  startup_stm32f429_439xx.o [1]
  .text              ro code  0x0800052c    0x4  startup_stm32f429_439xx.o [1]
  .text              ro code  0x08000530    0x4  startup_stm32f429_439xx.o [1]
  .text              ro code  0x08000534    0x4  startup_stm32f429_439xx.o [1]
  .text              ro code  0x08000538    0x4  startup_stm32f429_439xx.o [1]
  .text              ro code  0x0800053c    0x4  startup_stm32f429_439xx.o [1]
  .text              ro code  0x08000540    0x4  startup_stm32f429_439xx.o [1]
  .text              ro code  0x08000544    0x4  startup_stm32f429_439xx.o [1]
  .text              ro code  0x08000548    0x4  startup_stm32f429_439xx.o [1]
  .text              ro code  0x0800054c    0x4  startup_stm32f429_439xx.o [1]
  .text              ro code  0x08000550    0x4  startup_stm32f429_439xx.o [1]
  .text              ro code  0x08000554    0x4  startup_stm32f429_439xx.o [1]
  .text              ro code  0x08000558    0x4  startup_stm32f429_439xx.o [1]
  .text              ro code  0x0800055c    0x4  startup_stm32f429_439xx.o [1]
  .text              ro code  0x08000560    0x4  startup_stm32f429_439xx.o [1]
  .text              ro code  0x08000564    0x4  startup_stm32f429_439xx.o [1]
  .text              ro code  0x08000568    0x4  startup_stm32f429_439xx.o [1]
  .text              ro code  0x0800056c    0x4  startup_stm32f429_439xx.o [1]
  .text              ro code  0x08000570    0x4  startup_stm32f429_439xx.o [1]
  .text              ro code  0x08000574    0x4  startup_stm32f429_439xx.o [1]
  .text              ro code  0x08000578    0x4  startup_stm32f429_439xx.o [1]
  .text              ro code  0x0800057c    0x4  startup_stm32f429_439xx.o [1]
  .text              ro code  0x08000580    0x4  startup_stm32f429_439xx.o [1]
  .text              ro code  0x08000584    0x4  startup_stm32f429_439xx.o [1]
  .text              ro code  0x08000588    0x4  startup_stm32f429_439xx.o [1]
  .text              ro code  0x0800058c    0x4  startup_stm32f429_439xx.o [1]
  .text              ro code  0x08000590    0x4  startup_stm32f429_439xx.o [1]
  .text              ro code  0x08000594    0x4  startup_stm32f429_439xx.o [1]
  .text              ro code  0x08000598    0x4  startup_stm32f429_439xx.o [1]
  .text              ro code  0x0800059c    0x4  startup_stm32f429_439xx.o [1]
  .text              ro code  0x080005a0    0x4  startup_stm32f429_439xx.o [1]
  .text              ro code  0x080005a4    0x4  startup_stm32f429_439xx.o [1]
  .text              ro code  0x080005a8    0x4  startup_stm32f429_439xx.o [1]
  .text              ro code  0x080005ac    0x4  startup_stm32f429_439xx.o [1]
  .text              ro code  0x080005b0    0x4  startup_stm32f429_439xx.o [1]
  .text              ro code  0x080005b4    0x4  startup_stm32f429_439xx.o [1]
  .text              ro code  0x080005b8    0x4  startup_stm32f429_439xx.o [1]
  .text              ro code  0x080005bc    0x4  startup_stm32f429_439xx.o [1]
  .text              ro code  0x080005c0    0x4  startup_stm32f429_439xx.o [1]
  .text              ro code  0x080005c4    0x4  startup_stm32f429_439xx.o [1]
  .text              ro code  0x080005c8    0x4  startup_stm32f429_439xx.o [1]
  .text              ro code  0x080005cc    0x4  startup_stm32f429_439xx.o [1]
  .text              ro code  0x080005d0    0x4  startup_stm32f429_439xx.o [1]
  .text              ro code  0x080005d4    0x4  startup_stm32f429_439xx.o [1]
  .text              ro code  0x080005d8    0x4  startup_stm32f429_439xx.o [1]
  .text              ro code  0x080005dc    0x4  startup_stm32f429_439xx.o [1]
  .text              ro code  0x080005e0    0x4  startup_stm32f429_439xx.o [1]
  .text              ro code  0x080005e4    0x4  startup_stm32f429_439xx.o [1]
  .text              ro code  0x080005e8    0x4  startup_stm32f429_439xx.o [1]
  .text              ro code  0x080005ec    0x4  startup_stm32f429_439xx.o [1]
  .text              ro code  0x080005f0    0x4  startup_stm32f429_439xx.o [1]
  .text              ro code  0x080005f4    0x4  startup_stm32f429_439xx.o [1]
  .text              ro code  0x080005f8    0x4  startup_stm32f429_439xx.o [1]
  .text              ro code  0x080005fc    0x4  startup_stm32f429_439xx.o [1]
  .text              ro code  0x08000600    0x4  startup_stm32f429_439xx.o [1]
  .text              ro code  0x08000604    0x4  startup_stm32f429_439xx.o [1]
  .text              ro code  0x08000608    0x4  startup_stm32f429_439xx.o [1]
  .text              ro code  0x0800060c    0x4  startup_stm32f429_439xx.o [1]
  .text              ro code  0x08000610    0x4  startup_stm32f429_439xx.o [1]
  .text              ro code  0x08000614    0x4  startup_stm32f429_439xx.o [1]
  .text              ro code  0x08000618    0x4  startup_stm32f429_439xx.o [1]
  .text              ro code  0x0800061c    0x4  startup_stm32f429_439xx.o [1]
  .text              ro code  0x08000620    0x4  startup_stm32f429_439xx.o [1]
  .text              ro code  0x08000624    0x4  startup_stm32f429_439xx.o [1]
  .text              ro code  0x08000628    0x4  startup_stm32f429_439xx.o [1]
  .rodata            const    0x0800062c    0x0  copy_init3.o [5]
  Initializer bytes  ro data  0x0800062c   0x24  <for P2 s0>
                            - 0x08000650  0x4a4

"P2":                                     0x428
  P2 s0                       0x20000000   0x24  <Init block>
    .bss             inited   0x20000000   0x14  main.o [1]
    .data            inited   0x20000014   0x10  stm32f4xx_rcc.o [1]
  CSTACK                      0x20000028  0x400  <Block>
    CSTACK           uninit   0x20000028  0x400  <Block tail>
                            - 0x20000428  0x428


*******************************************************************************
*** INIT TABLE
***

          Address     Size
          -------     ----
Copy (__iar_copy_init3)
    1 source range, total size 0x24:
          0x0800062c  0x24
    1 destination range, total size 0x24:
          0x20000000  0x24



*******************************************************************************
*** MODULE SUMMARY
***

    Module                     ro code  ro data  rw data
    ------                     -------  -------  -------
D:\Åä·»Åä´Ù¿î\[¸á·Ð] 7¿ù4ÀÏ ½Ç½Ã°£ TOP 100\STM32F4xx_DSP_StdPeriph_Lib_V1.3.0\Project\STM32F4xx_StdPeriph_Templates\EWARM\STM32F429_439xx\Obj: [1]
    main.o                          88       20       20
    startup_stm32f429_439xx.o      844
    stm32f4xx_it.o                  20
    stm32f4xx_rcc.o                144       16       16
    system_stm32f4xx.o             268
    ----------------------------------------------------
    Total:                       1 364       36       36

command line: [2]
    ----------------------------------------------------
    Total:

dl7M_tln.a: [3]
    exit.o                           4
    low_level_init.o                 4
    ----------------------------------------------------
    Total:                           8

m7M_tlv.a: [4]
    fpinit_M.o                      26
    ----------------------------------------------------
    Total:                          26

rt7M_tl.a: [5]
    cexit.o                         10
    cmain.o                         26
    copy_init3.o                    46
    cstartup_M.o                    12
    data_init.o                     40
    ----------------------------------------------------
    Total:                         134

shb_l.a: [6]
    exit.o                          20
    ----------------------------------------------------
    Total:                          20

    Gaps                             8
    Linker created                           20    1 024
--------------------------------------------------------
    Grand Total:                 1 560       56    1 060


*******************************************************************************
*** ENTRY LIST
***

Entry                     Address  Size  Type      Object
-----                     -------  ----  ----      ------
?main                  0x08000429        Code  Gb  cmain.o [5]
APBAHBPrescTable       0x20000014  0x10  Data  Lc  stm32f4xx_rcc.o [1]
BusFault_Handler       0x08000473   0x2  Code  Gb  stm32f4xx_it.o [1]
CSTACK$$Base           0x20000028         --   Gb  - Linker created -
CSTACK$$Limit          0x20000428         --   Gb  - Linker created -
DebugMon_Handler       0x08000479   0x2  Code  Gb  stm32f4xx_it.o [1]
HardFault_Handler      0x0800046f   0x2  Code  Gb  stm32f4xx_it.o [1]
MemManage_Handler      0x08000471   0x2  Code  Gb  stm32f4xx_it.o [1]
NMI_Handler            0x0800046d   0x2  Code  Gb  stm32f4xx_it.o [1]
PendSV_Handler         0x0800047b   0x2  Code  Gb  stm32f4xx_it.o [1]
RCC_Clocks             0x20000000  0x10  Data  Gb  main.o [1]
RCC_GetClocksFreq      0x080002b9  0x80  Code  Gb  stm32f4xx_rcc.o [1]
Region$$Table$$Base    0x080003f8         --   Gb  - Linker created -
Region$$Table$$Limit   0x0800040c         --   Gb  - Linker created -
SVC_Handler            0x08000477   0x2  Code  Gb  stm32f4xx_it.o [1]
SysTick_Handler        0x0800047d   0x4  Code  Gb  stm32f4xx_it.o [1]
SystemInit             0x080001ad  0xea  Code  Gb  system_stm32f4xx.o [1]
TimingDelay_Decrement  0x08000387   0xe  Code  Gb  main.o [1]
UsageFault_Handler     0x08000475   0x2  Code  Gb  stm32f4xx_it.o [1]
__as_entries_start     0xffffffff         --   Gb  command line/config [2]
__as_table_start       0xffffffff         --   Gb  command line/config [2]
__cmain                0x08000429        Code  Gb  cmain.o [5]
__exit                 0x08000459  0x14  Code  Gb  exit.o [6]
__iar_copy_init3       0x080003a1  0x2e  Code  Gb  copy_init3.o [5]
__iar_data_init3       0x080003d1  0x28  Code  Gb  data_init.o [5]
__iar_init_vfp         0x0800040d        Code  Gb  fpinit_M.o [4]
__iar_program_start    0x08000491        Code  Gb  cstartup_M.o [5]
__low_level_init       0x08000443   0x4  Code  Gb  low_level_init.o [3]
__vector_table         0x08000000        Data  Gb  startup_stm32f429_439xx.o [1]
_call_main             0x08000435        Code  Gb  cmain.o [5]
_exit                  0x0800044d        Code  Gb  cexit.o [5]
_main                  0x0800043f        Code  Gb  cmain.o [5]
exit                   0x08000447   0x4  Code  Gb  exit.o [3]
main                   0x08000349  0x3e  Code  Gb  main.o [1]
uwTimingDelay          0x20000010   0x4  Data  Lc  main.o [1]


[1] = D:\Åä·»Åä´Ù¿î\[¸á·Ð] 7¿ù4ÀÏ ½Ç½Ã°£ TOP 100\STM32F4xx_DSP_StdPeriph_Lib_V1.3.0\Project\STM32F4xx_StdPeriph_Templates\EWARM\STM32F429_439xx\Obj
[2] = command line
[3] = dl7M_tln.a
[4] = m7M_tlv.a
[5] = rt7M_tl.a
[6] = shb_l.a

  1 560 bytes of readonly  code memory
     56 bytes of readonly  data memory
  1 060 bytes of readwrite data memory

Errors: none
Warnings: none
